2026-06-09 16:01:36,867 [INFO] === Validation OK ===
2026-06-09 16:01:36,867 [INFO] Total customers : 3000
2026-06-09 16:01:36,867 [INFO] Active          : 2574
2026-06-09 16:01:36,868 [INFO] Churned         : 371 (12.4%)
2026-06-09 16:01:36,868 [INFO] Total MRR       : $507,490.28
2026-06-09 16:01:36,868 [INFO] Đã ghi logs/last_updated.txt: 2026-06-09
2026-06-10 14:25:00,852 [INFO] === Validation OK ===
2026-06-10 14:25:00,853 [INFO] Total customers : 3000
2026-06-10 14:25:00,853 [INFO] Active          : 2574
2026-06-10 14:25:00,853 [INFO] Churned         : 371 (12.4%)
2026-06-10 14:25:00,853 [INFO] Total MRR       : $507,490.28
2026-06-10 14:25:00,853 [INFO] Đã ghi logs/last_updated.txt: 2026-06-10
2026-06-11 14:39:52,987 [INFO] === Validation OK ===
2026-06-11 14:39:52,987 [INFO] Total customers : 3000
2026-06-11 14:39:52,987 [INFO] Active          : 2574
2026-06-11 14:39:52,987 [INFO] Churned         : 371 (12.4%)
2026-06-11 14:39:52,987 [INFO] Total MRR       : $507,490.28
2026-06-11 14:39:52,987 [INFO] Đã ghi logs/last_updated.txt: 2026-06-11
2026-06-12 14:11:13,720 [INFO] === Validation OK ===
2026-06-12 14:11:13,721 [INFO] Total customers : 3000
2026-06-12 14:11:13,721 [INFO] Active          : 2574
2026-06-12 14:11:13,721 [INFO] Churned         : 371 (12.4%)
2026-06-12 14:11:13,721 [INFO] Total MRR       : $507,490.28
2026-06-12 14:11:13,721 [INFO] Đã ghi logs/last_updated.txt: 2026-06-12
2026-06-15 16:18:52,563 [INFO] === Validation OK ===
2026-06-15 16:18:52,563 [INFO] Total customers : 3000
2026-06-15 16:18:52,563 [INFO] Active          : 2574
2026-06-15 16:18:52,563 [INFO] Churned         : 371 (12.4%)
2026-06-15 16:18:52,563 [INFO] Total MRR       : $507,490.28
2026-06-15 16:18:52,564 [INFO] Đã ghi logs/last_updated.txt: 2026-06-15
2026-06-16 15:57:06,720 [INFO] === Validation OK ===
2026-06-16 15:57:06,721 [INFO] Total customers : 3000
2026-06-16 15:57:06,721 [INFO] Active          : 2574
2026-06-16 15:57:06,721 [INFO] Churned         : 371 (12.4%)
2026-06-16 15:57:06,721 [INFO] Total MRR       : $507,490.28
2026-06-16 15:57:06,721 [INFO] Đã ghi logs/last_updated.txt: 2026-06-16
2026-06-17 14:27:23,816 [INFO] === Validation OK ===
2026-06-17 14:27:23,816 [INFO] Total customers : 3000
2026-06-17 14:27:23,816 [INFO] Active          : 2574
2026-06-17 14:27:23,816 [INFO] Churned         : 371 (12.4%)
2026-06-17 14:27:23,816 [INFO] Total MRR       : $507,490.28
2026-06-17 14:27:23,817 [INFO] Đã ghi logs/last_updated.txt: 2026-06-17
2026-06-18 14:12:18,341 [INFO] === Validation OK ===
2026-06-18 14:12:18,341 [INFO] Total customers : 3000
2026-06-18 14:12:18,341 [INFO] Active          : 2574
2026-06-18 14:12:18,341 [INFO] Churned         : 371 (12.4%)
2026-06-18 14:12:18,341 [INFO] Total MRR       : $507,490.28
2026-06-18 14:12:18,342 [INFO] Đã ghi logs/last_updated.txt: 2026-06-18
2026-06-19 14:14:18,441 [INFO] === Validation OK ===
2026-06-19 14:14:18,441 [INFO] Total customers : 3000
2026-06-19 14:14:18,441 [INFO] Active          : 2574
2026-06-19 14:14:18,441 [INFO] Churned         : 371 (12.4%)
2026-06-19 14:14:18,441 [INFO] Total MRR       : $507,490.28
2026-06-19 14:14:18,441 [INFO] Đã ghi logs/last_updated.txt: 2026-06-19
2026-06-22 15:54:14,679 [INFO] === Validation OK ===
2026-06-22 15:54:14,679 [INFO] Total customers : 3000
2026-06-22 15:54:14,679 [INFO] Active          : 2574
2026-06-22 15:54:14,679 [INFO] Churned         : 371 (12.4%)
2026-06-22 15:54:14,679 [INFO] Total MRR       : $507,490.28
2026-06-22 15:54:14,679 [INFO] Đã ghi logs/last_updated.txt: 2026-06-22
2026-06-23 13:44:19,982 [INFO] === Validation OK ===
2026-06-23 13:44:19,982 [INFO] Total customers : 3000
2026-06-23 13:44:19,983 [INFO] Active          : 2574
2026-06-23 13:44:19,983 [INFO] Churned         : 371 (12.4%)
2026-06-23 13:44:19,983 [INFO] Total MRR       : $507,490.28
2026-06-23 13:44:19,995 [INFO] Đã ghi logs/last_updated.txt: 2026-06-23
2026-06-24 13:23:41,466 [INFO] === Validation OK ===
2026-06-24 13:23:41,466 [INFO] Total customers : 3000
2026-06-24 13:23:41,466 [INFO] Active          : 2574
2026-06-24 13:23:41,466 [INFO] Churned         : 371 (12.4%)
2026-06-24 13:23:41,466 [INFO] Total MRR       : $507,490.28
2026-06-24 13:23:41,466 [INFO] Đã ghi logs/last_updated.txt: 2026-06-24
2026-06-25 13:21:16,651 [INFO] === Validation OK ===
2026-06-25 13:21:16,651 [INFO] Total customers : 3000
2026-06-25 13:21:16,651 [INFO] Active          : 2574
2026-06-25 13:21:16,651 [INFO] Churned         : 371 (12.4%)
2026-06-25 13:21:16,651 [INFO] Total MRR       : $507,490.28
2026-06-25 13:21:16,651 [INFO] Đã ghi logs/last_updated.txt: 2026-06-25
2026-06-26 13:13:39,539 [INFO] === Validation OK ===
2026-06-26 13:13:39,539 [INFO] Total customers : 3000
2026-06-26 13:13:39,539 [INFO] Active          : 2574
2026-06-26 13:13:39,539 [INFO] Churned         : 371 (12.4%)
2026-06-26 13:13:39,539 [INFO] Total MRR       : $507,490.28
2026-06-26 13:13:39,539 [INFO] Đã ghi logs/last_updated.txt: 2026-06-26
2026-06-29 14:48:06,726 [INFO] === Validation OK ===
2026-06-29 14:48:06,726 [INFO] Total customers : 3000
2026-06-29 14:48:06,726 [INFO] Active          : 2574
2026-06-29 14:48:06,726 [INFO] Churned         : 371 (12.4%)
2026-06-29 14:48:06,727 [INFO] Total MRR       : $507,490.28
2026-06-29 14:48:06,727 [INFO] Đã ghi logs/last_updated.txt: 2026-06-29
2026-06-30 13:09:55,701 [INFO] === Validation OK ===
2026-06-30 13:09:55,701 [INFO] Total customers : 3000
2026-06-30 13:09:55,701 [INFO] Active          : 2574
2026-06-30 13:09:55,702 [INFO] Churned         : 371 (12.4%)
2026-06-30 13:09:55,702 [INFO] Total MRR       : $507,490.28
2026-06-30 13:09:55,702 [INFO] Đã ghi logs/last_updated.txt: 2026-06-30
2026-07-01 13:35:12,356 [INFO] === Validation OK ===
2026-07-01 13:35:12,356 [INFO] Total customers : 3000
2026-07-01 13:35:12,356 [INFO] Active          : 2574
2026-07-01 13:35:12,356 [INFO] Churned         : 371 (12.4%)
2026-07-01 13:35:12,356 [INFO] Total MRR       : $507,490.28
2026-07-01 13:35:12,357 [INFO] Đã ghi logs/last_updated.txt: 2026-07-01
2026-07-02 12:59:18,774 [INFO] === Validation OK ===
2026-07-02 12:59:18,774 [INFO] Total customers : 3000
2026-07-02 12:59:18,775 [INFO] Active          : 2574
2026-07-02 12:59:18,775 [INFO] Churned         : 371 (12.4%)
2026-07-02 12:59:18,775 [INFO] Total MRR       : $507,490.28
2026-07-02 12:59:18,775 [INFO] Đã ghi logs/last_updated.txt: 2026-07-02
2026-07-03 12:57:06,991 [INFO] === Validation OK ===
2026-07-03 12:57:06,991 [INFO] Total customers : 3000
2026-07-03 12:57:06,991 [INFO] Active          : 2574
2026-07-03 12:57:06,991 [INFO] Churned         : 371 (12.4%)
2026-07-03 12:57:06,992 [INFO] Total MRR       : $507,490.28
2026-07-03 12:57:06,992 [INFO] Đã ghi logs/last_updated.txt: 2026-07-03
2026-07-06 14:27:55,917 [INFO] === Validation OK ===
2026-07-06 14:27:55,917 [INFO] Total customers : 3000
2026-07-06 14:27:55,917 [INFO] Active          : 2574
2026-07-06 14:27:55,917 [INFO] Churned         : 371 (12.4%)
2026-07-06 14:27:55,917 [INFO] Total MRR       : $507,490.28
2026-07-06 14:27:55,917 [INFO] Đã ghi logs/last_updated.txt: 2026-07-06
2026-07-07 13:21:59,252 [INFO] === Validation OK ===
2026-07-07 13:21:59,252 [INFO] Total customers : 3000
2026-07-07 13:21:59,252 [INFO] Active          : 2574
2026-07-07 13:21:59,252 [INFO] Churned         : 371 (12.4%)
2026-07-07 13:21:59,252 [INFO] Total MRR       : $507,490.28
2026-07-07 13:21:59,252 [INFO] Đã ghi logs/last_updated.txt: 2026-07-07
2026-07-08 12:22:24,219 [INFO] === Validation OK ===
2026-07-08 12:22:24,219 [INFO] Total customers : 3000
2026-07-08 12:22:24,219 [INFO] Active          : 2574
2026-07-08 12:22:24,219 [INFO] Churned         : 371 (12.4%)
2026-07-08 12:22:24,219 [INFO] Total MRR       : $507,490.28
2026-07-08 12:22:24,219 [INFO] Đã ghi logs/last_updated.txt: 2026-07-08
2026-07-09 13:50:51,895 [INFO] === Validation OK ===
2026-07-09 13:50:51,895 [INFO] Total customers : 3000
2026-07-09 13:50:51,895 [INFO] Active          : 2574
2026-07-09 13:50:51,895 [INFO] Churned         : 371 (12.4%)
2026-07-09 13:50:51,896 [INFO] Total MRR       : $507,490.28
2026-07-09 13:50:51,896 [INFO] Đã ghi logs/last_updated.txt: 2026-07-09
2026-07-10 13:13:10,649 [INFO] === Validation OK ===
2026-07-10 13:13:10,649 [INFO] Total customers : 3000
2026-07-10 13:13:10,649 [INFO] Active          : 2574
2026-07-10 13:13:10,649 [INFO] Churned         : 371 (12.4%)
2026-07-10 13:13:10,649 [INFO] Total MRR       : $507,490.28
2026-07-10 13:13:10,650 [INFO] Đã ghi logs/last_updated.txt: 2026-07-10
2026-07-13 13:25:09,208 [INFO] === Validation OK ===
2026-07-13 13:25:09,208 [INFO] Total customers : 3000
2026-07-13 13:25:09,208 [INFO] Active          : 2574
2026-07-13 13:25:09,208 [INFO] Churned         : 371 (12.4%)
2026-07-13 13:25:09,208 [INFO] Total MRR       : $507,490.28
2026-07-13 13:25:09,208 [INFO] Đã ghi logs/last_updated.txt: 2026-07-13
2026-07-14 12:15:01,641 [INFO] === Validation OK ===
2026-07-14 12:15:01,641 [INFO] Total customers : 3000
2026-07-14 12:15:01,641 [INFO] Active          : 2574
2026-07-14 12:15:01,641 [INFO] Churned         : 371 (12.4%)
2026-07-14 12:15:01,641 [INFO] Total MRR       : $507,490.28
2026-07-14 12:15:01,641 [INFO] Đã ghi logs/last_updated.txt: 2026-07-14
2026-07-15 12:16:51,243 [INFO] === Validation OK ===
2026-07-15 12:16:51,243 [INFO] Total customers : 3000
2026-07-15 12:16:51,243 [INFO] Active          : 2574
2026-07-15 12:16:51,243 [INFO] Churned         : 371 (12.4%)
2026-07-15 12:16:51,243 [INFO] Total MRR       : $507,490.28
2026-07-15 12:16:51,243 [INFO] Đã ghi logs/last_updated.txt: 2026-07-15
2026-07-16 12:20:49,839 [INFO] === Validation OK ===
2026-07-16 12:20:49,839 [INFO] Total customers : 3000
2026-07-16 12:20:49,839 [INFO] Active          : 2574
2026-07-16 12:20:49,839 [INFO] Churned         : 371 (12.4%)
2026-07-16 12:20:49,839 [INFO] Total MRR       : $507,490.28
2026-07-16 12:20:49,840 [INFO] Đã ghi logs/last_updated.txt: 2026-07-16
2026-07-17 12:10:29,461 [INFO] === Validation OK ===
2026-07-17 12:10:29,461 [INFO] Total customers : 3000
2026-07-17 12:10:29,461 [INFO] Active          : 2574
2026-07-17 12:10:29,461 [INFO] Churned         : 371 (12.4%)
2026-07-17 12:10:29,461 [INFO] Total MRR       : $507,490.28
2026-07-17 12:10:29,462 [INFO] Đã ghi logs/last_updated.txt: 2026-07-17
2026-07-20 13:07:57,271 [INFO] === Validation OK ===
2026-07-20 13:07:57,271 [INFO] Total customers : 3000
2026-07-20 13:07:57,271 [INFO] Active          : 2574
2026-07-20 13:07:57,271 [INFO] Churned         : 371 (12.4%)
2026-07-20 13:07:57,271 [INFO] Total MRR       : $507,490.28
2026-07-20 13:07:57,272 [INFO] Đã ghi logs/last_updated.txt: 2026-07-20
2026-07-21 12:24:21,563 [INFO] === Validation OK ===
2026-07-21 12:24:21,563 [INFO] Total customers : 3000
2026-07-21 12:24:21,563 [INFO] Active          : 2574
2026-07-21 12:24:21,563 [INFO] Churned         : 371 (12.4%)
2026-07-21 12:24:21,563 [INFO] Total MRR       : $507,490.28
2026-07-21 12:24:21,563 [INFO] Đã ghi logs/last_updated.txt: 2026-07-21
2026-07-22 12:25:44,841 [INFO] === Validation OK ===
2026-07-22 12:25:44,842 [INFO] Total customers : 3000
2026-07-22 12:25:44,842 [INFO] Active          : 2574
2026-07-22 12:25:44,842 [INFO] Churned         : 371 (12.4%)
2026-07-22 12:25:44,842 [INFO] Total MRR       : $507,490.28
2026-07-22 12:25:44,842 [INFO] Đã ghi logs/last_updated.txt: 2026-07-22
2026-07-23 12:24:33,191 [INFO] === Validation OK ===
2026-07-23 12:24:33,191 [INFO] Total customers : 3000
2026-07-23 12:24:33,191 [INFO] Active          : 2574
2026-07-23 12:24:33,191 [INFO] Churned         : 371 (12.4%)
2026-07-23 12:24:33,191 [INFO] Total MRR       : $507,490.28
2026-07-23 12:24:33,191 [INFO] Đã ghi logs/last_updated.txt: 2026-07-23
2026-07-24 12:20:12,574 [INFO] === Validation OK ===
2026-07-24 12:20:12,574 [INFO] Total customers : 3000
2026-07-24 12:20:12,574 [INFO] Active          : 2574
2026-07-24 12:20:12,574 [INFO] Churned         : 371 (12.4%)
2026-07-24 12:20:12,574 [INFO] Total MRR       : $507,490.28
2026-07-24 12:20:12,574 [INFO] Đã ghi logs/last_updated.txt: 2026-07-24
2026-07-27 13:39:49,103 [INFO] === Validation OK ===
2026-07-27 13:39:49,103 [INFO] Total customers : 3000
2026-07-27 13:39:49,103 [INFO] Active          : 2574
2026-07-27 13:39:49,103 [INFO] Churned         : 371 (12.4%)
2026-07-27 13:39:49,103 [INFO] Total MRR       : $507,490.28
2026-07-27 13:39:49,104 [INFO] Đã ghi logs/last_updated.txt: 2026-07-27
2026-07-28 12:55:37,527 [INFO] === Validation OK ===
2026-07-28 12:55:37,527 [INFO] Total customers : 3000
2026-07-28 12:55:37,527 [INFO] Active          : 2574
2026-07-28 12:55:37,527 [INFO] Churned         : 371 (12.4%)
2026-07-28 12:55:37,527 [INFO] Total MRR       : $507,490.28
2026-07-28 12:55:37,528 [INFO] Đã ghi logs/last_updated.txt: 2026-07-28
2026-07-29 13:01:39,491 [INFO] === Validation OK ===
2026-07-29 13:01:39,491 [INFO] Total customers : 3000
2026-07-29 13:01:39,491 [INFO] Active          : 2574
2026-07-29 13:01:39,491 [INFO] Churned         : 371 (12.4%)
2026-07-29 13:01:39,491 [INFO] Total MRR       : $507,490.28
2026-07-29 13:01:39,491 [INFO] Đã ghi logs/last_updated.txt: 2026-07-29
2026-07-30 12:45:22,307 [INFO] === Validation OK ===
2026-07-30 12:45:22,307 [INFO] Total customers : 3000
2026-07-30 12:45:22,307 [INFO] Active          : 2574
2026-07-30 12:45:22,307 [INFO] Churned         : 371 (12.4%)
2026-07-30 12:45:22,308 [INFO] Total MRR       : $507,490.28
2026-07-30 12:45:22,308 [INFO] Đã ghi logs/last_updated.txt: 2026-07-30
2026-07-31 12:57:26,241 [INFO] === Validation OK ===
2026-07-31 12:57:26,241 [INFO] Total customers : 3000
2026-07-31 12:57:26,241 [INFO] Active          : 2574
2026-07-31 12:57:26,241 [INFO] Churned         : 371 (12.4%)
2026-07-31 12:57:26,241 [INFO] Total MRR       : $507,490.28
2026-07-31 12:57:26,241 [INFO] Đã ghi logs/last_updated.txt: 2026-07-31
2026-08-03 13:42:22,000 [INFO] === Validation OK ===
2026-08-03 13:42:22,000 [INFO] Total customers : 3000
2026-08-03 13:42:22,000 [INFO] Active          : 2574
2026-08-03 13:42:22,000 [INFO] Churned         : 371 (12.4%)
2026-08-03 13:42:22,000 [INFO] Total MRR       : $507,490.28
2026-08-03 13:42:22,000 [INFO] Đã ghi logs/last_updated.txt: 2026-08-03
2026-08-04 13:03:44,212 [INFO] === Validation OK ===
2026-08-04 13:03:44,212 [INFO] Total customers : 3000
2026-08-04 13:03:44,212 [INFO] Active          : 2574
2026-08-04 13:03:44,212 [INFO] Churned         : 371 (12.4%)
2026-08-04 13:03:44,212 [INFO] Total MRR       : $507,490.28
2026-08-04 13:03:44,213 [INFO] Đã ghi logs/last_updated.txt: 2026-08-04
2026-08-05 12:53:59,418 [INFO] === Validation OK ===
2026-08-05 12:53:59,418 [INFO] Total customers : 3000
2026-08-05 12:53:59,418 [INFO] Active          : 2574
2026-08-05 12:53:59,418 [INFO] Churned         : 371 (12.4%)
2026-08-05 12:53:59,418 [INFO] Total MRR       : $507,490.28
2026-08-05 12:53:59,419 [INFO] Đã ghi logs/last_updated.txt: 2026-08-05
2026-08-06 12:57:52,445 [INFO] === Validation OK ===
2026-08-06 12:57:52,445 [INFO] Total customers : 3000
2026-08-06 12:57:52,445 [INFO] Active          : 2574
2026-08-06 12:57:52,445 [INFO] Churned         : 371 (12.4%)
2026-08-06 12:57:52,445 [INFO] Total MRR       : $507,490.28
2026-08-06 12:57:52,446 [INFO] Đã ghi logs/last_updated.txt: 2026-08-06
2026-08-07 11:47:02,465 [INFO] === Validation OK ===
2026-08-07 11:47:02,465 [INFO] Total customers : 3000
2026-08-07 11:47:02,465 [INFO] Active          : 2574
2026-08-07 11:47:02,465 [INFO] Churned         : 371 (12.4%)
2026-08-07 11:47:02,465 [INFO] Total MRR       : $507,490.28
2026-08-07 11:47:02,465 [INFO] Đã ghi logs/last_updated.txt: 2026-08-07
2026-08-10 11:48:02,157 [INFO] === Validation OK ===
2026-08-10 11:48:02,157 [INFO] Total customers : 3000
2026-08-10 11:48:02,157 [INFO] Active          : 2574
2026-08-10 11:48:02,157 [INFO] Churned         : 371 (12.4%)
2026-08-10 11:48:02,157 [INFO] Total MRR       : $507,490.28
2026-08-10 11:48:02,158 [INFO] Đã ghi logs/last_updated.txt: 2026-08-10
2026-08-11 11:44:20,542 [INFO] === Validation OK ===
2026-08-11 11:44:20,542 [INFO] Total customers : 3000
2026-08-11 11:44:20,542 [INFO] Active          : 2574
2026-08-11 11:44:20,542 [INFO] Churned         : 371 (12.4%)
2026-08-11 11:44:20,542 [INFO] Total MRR       : $507,490.28
2026-08-11 11:44:20,542 [INFO] Đã ghi logs/last_updated.txt: 2026-08-11
2026-08-12 11:47:04,656 [INFO] === Validation OK ===
2026-08-12 11:47:04,656 [INFO] Total customers : 3000
2026-08-12 11:47:04,656 [INFO] Active          : 2574
2026-08-12 11:47:04,656 [INFO] Churned         : 371 (12.4%)
2026-08-12 11:47:04,656 [INFO] Total MRR       : $507,490.28
2026-08-12 11:47:04,657 [INFO] Đã ghi logs/last_updated.txt: 2026-08-12
2026-08-13 11:48:39,589 [INFO] === Validation OK ===
2026-08-13 11:48:39,589 [INFO] Total customers : 3000
2026-08-13 11:48:39,589 [INFO] Active          : 2574
2026-08-13 11:48:39,589 [INFO] Churned         : 371 (12.4%)
2026-08-13 11:48:39,589 [INFO] Total MRR       : $507,490.28
2026-08-13 11:48:39,590 [INFO] Đã ghi logs/last_updated.txt: 2026-08-13
2026-08-14 11:44:25,650 [INFO] === Validation OK ===
2026-08-14 11:44:25,650 [INFO] Total customers : 3000
2026-08-14 11:44:25,650 [INFO] Active          : 2574
2026-08-14 11:44:25,650 [INFO] Churned         : 371 (12.4%)
2026-08-14 11:44:25,650 [INFO] Total MRR       : $507,490.28
2026-08-14 11:44:25,651 [INFO] Đã ghi logs/last_updated.txt: 2026-08-14
2026-08-17 11:27:27,617 [INFO] === Validation OK ===
2026-08-17 11:27:27,617 [INFO] Total customers : 3000
2026-08-17 11:27:27,617 [INFO] Active          : 2574
2026-08-17 11:27:27,617 [INFO] Churned         : 371 (12.4%)
2026-08-17 11:27:27,617 [INFO] Total MRR       : $507,490.28
2026-08-17 11:27:27,617 [INFO] Đã ghi logs/last_updated.txt: 2026-08-17
2026-08-18 11:26:44,991 [INFO] === Validation OK ===
2026-08-18 11:26:44,991 [INFO] Total customers : 3000
2026-08-18 11:26:44,991 [INFO] Active          : 2574
2026-08-18 11:26:44,991 [INFO] Churned         : 371 (12.4%)
2026-08-18 11:26:44,991 [INFO] Total MRR       : $507,490.28
2026-08-18 11:26:45,000 [INFO] Đã ghi logs/last_updated.txt: 2026-08-18
2026-08-19 11:25:59,877 [INFO] === Validation OK ===
2026-08-19 11:25:59,877 [INFO] Total customers : 3000
2026-08-19 11:25:59,877 [INFO] Active          : 2574
2026-08-19 11:25:59,877 [INFO] Churned         : 371 (12.4%)
2026-08-19 11:25:59,877 [INFO] Total MRR       : $507,490.28
2026-08-19 11:25:59,877 [INFO] Đã ghi logs/last_updated.txt: 2026-08-19
2026-08-20 11:28:01,196 [INFO] === Validation OK ===
2026-08-20 11:28:01,197 [INFO] Total customers : 3000
2026-08-20 11:28:01,197 [INFO] Active          : 2574
2026-08-20 11:28:01,197 [INFO] Churned         : 371 (12.4%)
2026-08-20 11:28:01,197 [INFO] Total MRR       : $507,490.28
2026-08-20 11:28:01,197 [INFO] Đã ghi logs/last_updated.txt: 2026-08-20
2026-08-21 11:27:35,478 [INFO] === Validation OK ===
2026-08-21 11:27:35,478 [INFO] Total customers : 3000
2026-08-21 11:27:35,478 [INFO] Active          : 2574
2026-08-21 11:27:35,478 [INFO] Churned         : 371 (12.4%)
2026-08-21 11:27:35,478 [INFO] Total MRR       : $507,490.28
2026-08-21 11:27:35,478 [INFO] Đã ghi logs/last_updated.txt: 2026-08-21
2026-08-24 11:29:51,574 [INFO] === Validation OK ===
2026-08-24 11:29:51,574 [INFO] Total customers : 3000
2026-08-24 11:29:51,574 [INFO] Active          : 2574
2026-08-24 11:29:51,574 [INFO] Churned         : 371 (12.4%)
2026-08-24 11:29:51,574 [INFO] Total MRR       : $507,490.28
2026-08-24 11:29:51,575 [INFO] Đã ghi logs/last_updated.txt: 2026-08-24
